// Vitest Snapshot v1, https://vitest.dev/guide/snapshot.html

exports[`every generated route has a platform decision > matches the recorded surface of every route 1`] = `
{
  "/": "silent",
  "/admin": "staff",
  "/admin/": "staff",
  "/admin/applications": "staff",
  "/admin/approve-admin": "staff",
  "/admin/consultants": "staff",
  "/admin/match": "staff",
  "/admin/plans": "staff",
  "/admin/settings": "staff",
  "/admin/workspaces": "staff",
  "/auth/admin/login": "app",
  "/auth/admin/signin": "app",
  "/auth/callback": "app",
  "/auth/forgot-password": "app",
  "/auth/login": "app",
  "/auth/signup": "app",
  "/auth/verify": "app",
  "/brief/$briefId": "marketplace",
  "/brief/$briefId/edit": "marketplace",
  "/brief/new": "marketplace",
  "/command-center": "app",
  "/contact": "app",
  "/contract/sign/$token": "marketplace",
  "/dashboard": "app",
  "/docs": "app",
  "/docs/": "app",
  "/docs/$section/$slug": "app",
  "/engagements": "marketplace",
  "/engagements/$engagementId": "marketplace",
  "/freelancer/invites": "marketplace",
  "/get-started": "app",
  "/goodbye": "app",
  "/home": "silent",
  "/inbox": "app",
  "/invites": "app",
  "/marketplace": "marketplace",
  "/marketplace/": "marketplace",
  "/marketplace/briefs": "marketplace",
  "/marketplace/category": "marketplace",
  "/marketplace/category/$categorySlug": "marketplace",
  "/marketplace/category/$categorySlug/$subcategorySlug": "marketplace",
  "/marketplace/category/$categorySlug/$subcategorySlug/$topicSlug": "marketplace",
  "/marketplace/consultant": "marketplace",
  "/marketplace/consultant/$profileId": "marketplace",
  "/marketplace/consultant/apply": "marketplace",
  "/marketplace/consultant/browse": "marketplace",
  "/marketplace/consultant/templates": "marketplace",
  "/marketplace/finance": "marketplace",
  "/marketplace/finance/": "marketplace",
  "/marketplace/finance/$contractId": "marketplace",
  "/marketplace/finance/contracts": "marketplace",
  "/marketplace/finance/invoices": "marketplace",
  "/marketplace/finance/invoices/$invoiceId/edit": "marketplace",
  "/marketplace/finance/invoices/new": "marketplace",
  "/marketplace/project-posting": "marketplace",
  "/marketplace/services": "marketplace",
  "/marketplace/services/$serviceId": "marketplace",
  "/marketplace/services/$serviceId/edit": "marketplace",
  "/marketplace/talent": "marketplace",
  "/marketplace/talent/$profileId": "marketplace",
  "/marketplace/talent/browse": "marketplace",
  "/marketplace/talent/go-live": "marketplace",
  "/marketplace/talent/settings": "marketplace",
  "/meetings": "app",
  "/not-available": "app",
  "/notifications": "app",
  "/oauth/authorize": "app",
  "/onboarding": "app",
  "/pricing": "commerce",
  "/privacy": "app",
  "/product": "silent",
  "/profile/$profileId": "app",
  "/project/$projectId": "app",
  "/project/$projectId/change-requests": "app",
  "/project/$projectId/change-requests/$changeRequestId": "app",
  "/project/$projectId/chat/$chatRef": "app",
  "/project/$projectId/decisions": "app",
  "/project/$projectId/decisions/$decisionId": "app",
  "/project/$projectId/deliverables": "app",
  "/project/$projectId/deliverables/$deliverableId": "app",
  "/project/$projectId/logs": "app",
  "/project/$projectId/overview": "app",
  "/project/$projectId/resources": "app",
  "/project/$projectId/risks": "app",
  "/project/$projectId/roadmap": "app",
  "/project/$projectId/roadmap/$roadmapId": "app",
  "/project/$projectId/roadmap/create": "app",
  "/project/$projectId/settings": "app",
  "/project/$projectId/settings/general": "app",
  "/project/$projectId/settings/permissions": "app",
  "/project/$projectId/settings/team": "app",
  "/project/$projectId/settings/teams": "app",
  "/project/$projectId/settings/time": "app",
  "/project/$projectId/team": "app",
  "/project/$projectId/team/catalog": "app",
  "/project/$projectId/team/invites": "app",
  "/project/$projectId/team/permissions": "app",
  "/project/$projectId/team/teams": "app",
  "/project/$projectId/time": "app",
  "/project/$projectId/timeline": "app",
  "/project/$projectId/timeline/$roadmapId": "app",
  "/project/$projectId/work-items": "app",
  "/project/$projectId/work-items/$roadmapId": "app",
  "/project/new": "app",
  "/project/roadmap": "app",
  "/project/roadmap/convert/$roadmapId": "app",
  "/roadmap-templates": "app",
  "/roadmap-templates/": "app",
  "/roadmap-templates/$slug": "app",
  "/roadmap/shared-with-me": "app",
  "/roadmap/shared/$token": "app",
  "/settings": "app",
  "/settings/": "app",
  "/settings/appearance": "app",
  "/settings/delete-account": "app",
  "/settings/mcp-tokens": "app",
  "/settings/notifications": "app",
  "/start-selling": "marketplace",
  "/task-board": "app",
  "/teams": "app",
  "/teams/$teamId": "app",
  "/teams/$teamId/": "app",
  "/teams/$teamId/settings": "app",
  "/teams/$teamId/settings/general": "app",
  "/teams/$teamId/settings/logs": "app",
  "/teams/$teamId/settings/projects": "app",
  "/teams/$teamId/settings/time": "app",
  "/teams/$teamId/time": "app",
  "/teams/$teamId/time/": "app",
  "/teams/$teamId/time/log/$logId": "app",
  "/teams/$teamId/time/manage-rates": "app",
  "/teams/$teamId/time/manage-rates/$userId": "app",
  "/teams/$teamId/time/my-logs": "app",
  "/teams/$teamId/time/payouts": "app",
  "/teams/$teamId/time/team-logs": "app",
  "/teams/me/invites": "app",
  "/terms": "app",
  "/unsubscribe": "app",
  "/w/$workspaceSlug": "app",
  "/w/$workspaceSlug/dashboard": "app",
  "/w/$workspaceSlug/settings": "app",
  "/w/$workspaceSlug/settings/": "app",
  "/w/$workspaceSlug/settings/billing": "commerce",
  "/w/$workspaceSlug/settings/members": "app",
  "/w/$workspaceSlug/settings/usage": "commerce",
  "/w/$workspaceSlug/teams": "app",
  "/w/$workspaceSlug/teams/$teamId": "app",
  "/w/$workspaceSlug/teams/$teamId/settings": "app",
  "/w/$workspaceSlug/teams/$teamId/settings/general": "app",
  "/w/$workspaceSlug/teams/$teamId/settings/logs": "app",
  "/w/$workspaceSlug/teams/$teamId/settings/projects": "app",
  "/w/$workspaceSlug/teams/$teamId/settings/time": "app",
  "/w/$workspaceSlug/teams/$teamId/time": "app",
  "/w/$workspaceSlug/teams/$teamId/time/": "app",
  "/w/$workspaceSlug/teams/$teamId/time/log/$logId": "app",
  "/w/$workspaceSlug/teams/$teamId/time/manage-rates": "app",
  "/w/$workspaceSlug/teams/$teamId/time/manage-rates/$userId": "app",
  "/w/$workspaceSlug/teams/$teamId/time/my-logs": "app",
  "/w/$workspaceSlug/teams/$teamId/time/payouts": "app",
  "/w/$workspaceSlug/teams/$teamId/time/team-logs": "app",
  "/welcome": "app",
  "/work-items": "app",
  "/workspace": "app",
  "/workspace/settings": "app",
  "/workspace/settings/billing": "commerce",
  "/workspace/settings/members": "app",
}
`;
